// Jest Snapshot v1, https://goo.gl/fbAQLP

exports[`getCalendarForMonth() should return the correct month object for a leap month 1`] = `
Object {
  "days": Object {
    "2140-8-leap-1": Object {
      "day": 1,
      "hasLeapDay": false,
      "isLeapDay": false,
      "isPreviousSkipped": false,
      "month": Object {
        "hasLeapMonth": true,
        "isLeapMonth": true,
        "month": 8,
      },
      "skippedDay": false,
      "westernDate": "2013-09-06",
      "year": 2140,
    },
    "2140-8-leap-10": Object {
      "day": 10,
      "hasLeapDay": false,
      "isLeapDay": false,
      "isPreviousSkipped": true,
      "month": Object {
        "hasLeapMonth": true,
        "isLeapMonth": true,
        "month": 8,
      },
      "skippedDay": false,
      "westernDate": "2013-09-14",
      "year": 2140,
    },
    "2140-8-leap-11": Object {
      "day": 11,
      "hasLeapDay": false,
      "isLeapDay": false,
      "isPreviousSkipped": false,
      "month": Object {
        "hasLeapMonth": true,
        "isLeapMonth": true,
        "month": 8,
      },
      "skippedDay": false,
      "westernDate": "2013-09-15",
      "year": 2140,
    },
    "2140-8-leap-12": Object {
      "day": 12,
      "hasLeapDay": false,
      "isLeapDay": false,
      "isPreviousSkipped": false,
      "month": Object {
        "hasLeapMonth": true,
        "isLeapMonth": true,
        "month": 8,
      },
      "skippedDay": false,
      "westernDate": "2013-09-16",
      "year": 2140,
    },
    "2140-8-leap-13": Object {
      "day": 13,
      "hasLeapDay": false,
      "isLeapDay": false,
      "isPreviousSkipped": false,
      "month": Object {
        "hasLeapMonth": true,
        "isLeapMonth": true,
        "month": 8,
      },
      "skippedDay": false,
      "westernDate": "2013-09-17",
      "year": 2140,
    },
    "2140-8-leap-14": Object {
      "day": 14,
      "hasLeapDay": false,
      "isLeapDay": false,
      "isPreviousSkipped": false,
      "month": Object {
        "hasLeapMonth": true,
        "isLeapMonth": true,
        "month": 8,
      },
      "skippedDay": false,
      "westernDate": "2013-09-18",
      "year": 2140,
    },
    "2140-8-leap-15": Object {
      "day": 15,
      "hasLeapDay": false,
      "isLeapDay": false,
      "isPreviousSkipped": false,
      "month": Object {
        "hasLeapMonth": true,
        "isLeapMonth": true,
        "month": 8,
      },
      "skippedDay": false,
      "westernDate": "2013-09-19",
      "year": 2140,
    },
    "2140-8-leap-16": Object {
      "day": 16,
      "hasLeapDay": false,
      "isLeapDay": false,
      "isPreviousSkipped": false,
      "month": Object {
        "hasLeapMonth": true,
        "isLeapMonth": true,
        "month": 8,
      },
      "skippedDay": false,
      "westernDate": "2013-09-20",
      "year": 2140,
    },
    "2140-8-leap-17": Object {
      "day": 17,
      "hasLeapDay": false,
      "isLeapDay": false,
      "isPreviousSkipped": false,
      "month": Object {
        "hasLeapMonth": true,
        "isLeapMonth": true,
        "month": 8,
      },
      "skippedDay": false,
      "westernDate": "2013-09-21",
      "year": 2140,
    },
    "2140-8-leap-18": Object {
      "day": 18,
      "hasLeapDay": false,
      "isLeapDay": false,
      "isPreviousSkipped": false,
      "month": Object {
        "hasLeapMonth": true,
        "isLeapMonth": true,
        "month": 8,
      },
      "skippedDay": false,
      "westernDate": "2013-09-22",
      "year": 2140,
    },
    "2140-8-leap-19": Object {
      "day": 19,
      "hasLeapDay": false,
      "isLeapDay": false,
      "isPreviousSkipped": false,
      "month": Object {
        "hasLeapMonth": true,
        "isLeapMonth": true,
        "month": 8,
      },
      "skippedDay": false,
      "westernDate": "2013-09-23",
      "year": 2140,
    },
    "2140-8-leap-2": Object {
      "day": 2,
      "hasLeapDay": false,
      "isLeapDay": false,
      "isPreviousSkipped": false,
      "month": Object {
        "hasLeapMonth": true,
        "isLeapMonth": true,
        "month": 8,
      },
      "skippedDay": false,
      "westernDate": "2013-09-07",
      "year": 2140,
    },
    "2140-8-leap-20": Object {
      "day": 20,
      "hasLeapDay": false,
      "isLeapDay": false,
      "isPreviousSkipped": false,
      "month": Object {
        "hasLeapMonth": true,
        "isLeapMonth": true,
        "month": 8,
      },
      "skippedDay": false,
      "westernDate": "2013-09-24",
      "year": 2140,
    },
    "2140-8-leap-21": Object {
      "day": 21,
      "hasLeapDay": false,
      "isLeapDay": false,
      "isPreviousSkipped": false,
      "month": Object {
        "hasLeapMonth": true,
        "isLeapMonth": true,
        "month": 8,
      },
      "skippedDay": false,
      "westernDate": "2013-09-25",
      "year": 2140,
    },
    "2140-8-leap-22": Object {
      "day": 22,
      "hasLeapDay": false,
      "isLeapDay": false,
      "isPreviousSkipped": false,
      "month": Object {
        "hasLeapMonth": true,
        "isLeapMonth": true,
        "month": 8,
      },
      "skippedDay": false,
      "westernDate": "2013-09-26",
      "year": 2140,
    },
    "2140-8-leap-23": Object {
      "day": 23,
      "hasLeapDay": false,
      "isLeapDay": false,
      "isPreviousSkipped": false,
      "month": Object {
        "hasLeapMonth": true,
        "isLeapMonth": true,
        "month": 8,
      },
      "skippedDay": false,
      "westernDate": "2013-09-27",
      "year": 2140,
    },
    "2140-8-leap-24": Object {
      "day": 24,
      "hasLeapDay": false,
      "isLeapDay": false,
      "isPreviousSkipped": false,
      "month": Object {
        "hasLeapMonth": true,
        "isLeapMonth": true,
        "month": 8,
      },
      "skippedDay": false,
      "westernDate": "2013-09-28",
      "year": 2140,
    },
    "2140-8-leap-25": Object {
      "day": 25,
      "hasLeapDay": false,
      "isLeapDay": false,
      "isPreviousSkipped": false,
      "month": Object {
        "hasLeapMonth": true,
        "isLeapMonth": true,
        "month": 8,
      },
      "skippedDay": false,
      "westernDate": "2013-09-29",
      "year": 2140,
    },
    "2140-8-leap-26": Object {
      "day": 26,
      "hasLeapDay": false,
      "isLeapDay": false,
      "isPreviousSkipped": false,
      "month": Object {
        "hasLeapMonth": true,
        "isLeapMonth": true,
        "month": 8,
      },
      "skippedDay": false,
      "westernDate": "2013-09-30",
      "year": 2140,
    },
    "2140-8-leap-27": Object {
      "day": 27,
      "hasLeapDay": false,
      "isLeapDay": false,
      "isPreviousSkipped": false,
      "month": Object {
        "hasLeapMonth": true,
        "isLeapMonth": true,
        "month": 8,
      },
      "skippedDay": false,
      "westernDate": "2013-10-01",
      "year": 2140,
    },
    "2140-8-leap-28": Object {
      "day": 28,
      "hasLeapDay": false,
      "isLeapDay": false,
      "isPreviousSkipped": false,
      "month": Object {
        "hasLeapMonth": true,
        "isLeapMonth": true,
        "month": 8,
      },
      "skippedDay": false,
      "westernDate": "2013-10-02",
      "year": 2140,
    },
    "2140-8-leap-29": Object {
      "day": 29,
      "hasLeapDay": false,
      "isLeapDay": false,
      "isPreviousSkipped": false,
      "month": Object {
        "hasLeapMonth": true,
        "isLeapMonth": true,
        "month": 8,
      },
      "skippedDay": false,
      "westernDate": "2013-10-03",
      "year": 2140,
    },
    "2140-8-leap-3": Object {
      "day": 3,
      "hasLeapDay": false,
      "isLeapDay": false,
      "isPreviousSkipped": false,
      "month": Object {
        "hasLeapMonth": true,
        "isLeapMonth": true,
        "month": 8,
      },
      "skippedDay": false,
      "westernDate": "2013-09-08",
      "year": 2140,
    },
    "2140-8-leap-30": Object {
      "day": 30,
      "hasLeapDay": false,
      "isLeapDay": false,
      "isPreviousSkipped": false,
      "month": Object {
        "hasLeapMonth": true,
        "isLeapMonth": true,
        "month": 8,
      },
      "skippedDay": false,
      "westernDate": "2013-10-04",
      "year": 2140,
    },
    "2140-8-leap-4": Object {
      "day": 4,
      "hasLeapDay": false,
      "isLeapDay": false,
      "isPreviousSkipped": false,
      "month": Object {
        "hasLeapMonth": true,
        "isLeapMonth": true,
        "month": 8,
      },
      "skippedDay": false,
      "westernDate": "2013-09-09",
      "year": 2140,
    },
    "2140-8-leap-5": Object {
      "day": 5,
      "hasLeapDay": false,
      "isLeapDay": false,
      "isPreviousSkipped": false,
      "month": Object {
        "hasLeapMonth": true,
        "isLeapMonth": true,
        "month": 8,
      },
      "skippedDay": false,
      "westernDate": "2013-09-10",
      "year": 2140,
    },
    "2140-8-leap-6": Object {
      "day": 6,
      "hasLeapDay": false,
      "isLeapDay": false,
      "isPreviousSkipped": false,
      "month": Object {
        "hasLeapMonth": true,
        "isLeapMonth": true,
        "month": 8,
      },
      "skippedDay": false,
      "westernDate": "2013-09-11",
      "year": 2140,
    },
    "2140-8-leap-7": Object {
      "day": 7,
      "hasLeapDay": false,
      "isLeapDay": false,
      "isPreviousSkipped": false,
      "month": Object {
        "hasLeapMonth": true,
        "isLeapMonth": true,
        "month": 8,
      },
      "skippedDay": false,
      "westernDate": "2013-09-12",
      "year": 2140,
    },
    "2140-8-leap-8": Object {
      "day": 8,
      "hasLeapDay": false,
      "isLeapDay": false,
      "isPreviousSkipped": false,
      "month": Object {
        "hasLeapMonth": true,
        "isLeapMonth": true,
        "month": 8,
      },
      "skippedDay": false,
      "westernDate": "2013-09-13",
      "year": 2140,
    },
    "2140-8-leap-9": Object {
      "day": 9,
      "hasLeapDay": false,
      "isLeapDay": false,
      "isPreviousSkipped": false,
      "month": Object {
        "hasLeapMonth": true,
        "isLeapMonth": true,
        "month": 8,
      },
      "skippedDay": true,
      "westernDate": "2013-09-13",
      "year": 2140,
    },
  },
  "endDate": "2013-10-04",
  "hasLeapMonth": true,
  "isLeapMonth": true,
  "month": 8,
  "startDate": "2013-09-06",
  "westernIndex": Object {
    "2013-09-06": "2140-8-leap-1",
    "2013-09-07": "2140-8-leap-2",
    "2013-09-08": "2140-8-leap-3",
    "2013-09-09": "2140-8-leap-4",
    "2013-09-10": "2140-8-leap-5",
    "2013-09-11": "2140-8-leap-6",
    "2013-09-12": "2140-8-leap-7",
    "2013-09-13": "2140-8-leap-8",
    "2013-09-14": "2140-8-leap-10",
    "2013-09-15": "2140-8-leap-11",
    "2013-09-16": "2140-8-leap-12",
    "2013-09-17": "2140-8-leap-13",
    "2013-09-18": "2140-8-leap-14",
    "2013-09-19": "2140-8-leap-15",
    "2013-09-20": "2140-8-leap-16",
    "2013-09-21": "2140-8-leap-17",
    "2013-09-22": "2140-8-leap-18",
    "2013-09-23": "2140-8-leap-19",
    "2013-09-24": "2140-8-leap-20",
    "2013-09-25": "2140-8-leap-21",
    "2013-09-26": "2140-8-leap-22",
    "2013-09-27": "2140-8-leap-23",
    "2013-09-28": "2140-8-leap-24",
    "2013-09-29": "2140-8-leap-25",
    "2013-09-30": "2140-8-leap-26",
    "2013-10-01": "2140-8-leap-27",
    "2013-10-02": "2140-8-leap-28",
    "2013-10-03": "2140-8-leap-29",
    "2013-10-04": "2140-8-leap-30",
  },
  "year": 2140,
}
`;

exports[`getCalendarForMonth() should return the correct month object for a main month that has a leap 1`] = `
Object {
  "days": Object {
    "2140-8-main-1": Object {
      "day": 1,
      "hasLeapDay": false,
      "isLeapDay": false,
      "isPreviousSkipped": false,
      "month": Object {
        "hasLeapMonth": true,
        "isLeapMonth": false,
        "month": 8,
      },
      "skippedDay": false,
      "westernDate": "2013-10-05",
      "year": 2140,
    },
    "2140-8-main-10": Object {
      "day": 10,
      "hasLeapDay": false,
      "isLeapDay": false,
      "isPreviousSkipped": false,
      "month": Object {
        "hasLeapMonth": true,
        "isLeapMonth": false,
        "month": 8,
      },
      "skippedDay": false,
      "westernDate": "2013-10-14",
      "year": 2140,
    },
    "2140-8-main-11": Object {
      "day": 11,
      "hasLeapDay": false,
      "isLeapDay": false,
      "isPreviousSkipped": false,
      "month": Object {
        "hasLeapMonth": true,
        "isLeapMonth": false,
        "month": 8,
      },
      "skippedDay": false,
      "westernDate": "2013-10-15",
      "year": 2140,
    },
    "2140-8-main-12": Object {
      "day": 12,
      "hasLeapDay": false,
      "isLeapDay": false,
      "isPreviousSkipped": false,
      "month": Object {
        "hasLeapMonth": true,
        "isLeapMonth": false,
        "month": 8,
      },
      "skippedDay": true,
      "westernDate": "2013-10-15",
      "year": 2140,
    },
    "2140-8-main-13": Object {
      "day": 13,
      "hasLeapDay": false,
      "isLeapDay": false,
      "isPreviousSkipped": true,
      "month": Object {
        "hasLeapMonth": true,
        "isLeapMonth": false,
        "month": 8,
      },
      "skippedDay": false,
      "westernDate": "2013-10-16",
      "year": 2140,
    },
    "2140-8-main-14": Object {
      "day": 14,
      "hasLeapDay": false,
      "isLeapDay": false,
      "isPreviousSkipped": false,
      "month": Object {
        "hasLeapMonth": true,
        "isLeapMonth": false,
        "month": 8,
      },
      "skippedDay": false,
      "westernDate": "2013-10-17",
      "year": 2140,
    },
    "2140-8-main-15": Object {
      "day": 15,
      "hasLeapDay": false,
      "isLeapDay": false,
      "isPreviousSkipped": false,
      "month": Object {
        "hasLeapMonth": true,
        "isLeapMonth": false,
        "month": 8,
      },
      "skippedDay": false,
      "westernDate": "2013-10-18",
      "year": 2140,
    },
    "2140-8-main-16": Object {
      "day": 16,
      "hasLeapDay": false,
      "isLeapDay": false,
      "isPreviousSkipped": false,
      "month": Object {
        "hasLeapMonth": true,
        "isLeapMonth": false,
        "month": 8,
      },
      "skippedDay": false,
      "westernDate": "2013-10-19",
      "year": 2140,
    },
    "2140-8-main-17": Object {
      "day": 17,
      "hasLeapDay": false,
      "isLeapDay": false,
      "isPreviousSkipped": false,
      "month": Object {
        "hasLeapMonth": true,
        "isLeapMonth": false,
        "month": 8,
      },
      "skippedDay": false,
      "westernDate": "2013-10-20",
      "year": 2140,
    },
    "2140-8-main-18": Object {
      "day": 18,
      "hasLeapDay": false,
      "isLeapDay": false,
      "isPreviousSkipped": false,
      "month": Object {
        "hasLeapMonth": true,
        "isLeapMonth": false,
        "month": 8,
      },
      "skippedDay": false,
      "westernDate": "2013-10-21",
      "year": 2140,
    },
    "2140-8-main-19": Object {
      "day": 19,
      "hasLeapDay": false,
      "isLeapDay": false,
      "isPreviousSkipped": false,
      "month": Object {
        "hasLeapMonth": true,
        "isLeapMonth": false,
        "month": 8,
      },
      "skippedDay": false,
      "westernDate": "2013-10-22",
      "year": 2140,
    },
    "2140-8-main-2": Object {
      "day": 2,
      "hasLeapDay": false,
      "isLeapDay": false,
      "isPreviousSkipped": false,
      "month": Object {
        "hasLeapMonth": true,
        "isLeapMonth": false,
        "month": 8,
      },
      "skippedDay": false,
      "westernDate": "2013-10-06",
      "year": 2140,
    },
    "2140-8-main-20": Object {
      "doubled": true,
    },
    "2140-8-main-20-leap": Object {
      "day": 20,
      "hasLeapDay": true,
      "isLeapDay": false,
      "isPreviousSkipped": false,
      "month": Object {
        "hasLeapMonth": true,
        "isLeapMonth": false,
        "month": 8,
      },
      "skippedDay": false,
      "westernDate": "2013-10-24",
      "year": 2140,
    },
    "2140-8-main-20-main": Object {
      "day": 20,
      "hasLeapDay": true,
      "isLeapDay": true,
      "isPreviousSkipped": false,
      "month": Object {
        "hasLeapMonth": true,
        "isLeapMonth": false,
        "month": 8,
      },
      "skippedDay": false,
      "westernDate": "2013-10-23",
      "year": 2140,
    },
    "2140-8-main-21": Object {
      "day": 21,
      "hasLeapDay": false,
      "isLeapDay": false,
      "isPreviousSkipped": false,
      "month": Object {
        "hasLeapMonth": true,
        "isLeapMonth": false,
        "month": 8,
      },
      "skippedDay": false,
      "westernDate": "2013-10-25",
      "year": 2140,
    },
    "2140-8-main-22": Object {
      "day": 22,
      "hasLeapDay": false,
      "isLeapDay": false,
      "isPreviousSkipped": false,
      "month": Object {
        "hasLeapMonth": true,
        "isLeapMonth": false,
        "month": 8,
      },
      "skippedDay": false,
      "westernDate": "2013-10-26",
      "year": 2140,
    },
    "2140-8-main-23": Object {
      "day": 23,
      "hasLeapDay": false,
      "isLeapDay": false,
      "isPreviousSkipped": false,
      "month": Object {
        "hasLeapMonth": true,
        "isLeapMonth": false,
        "month": 8,
      },
      "skippedDay": false,
      "westernDate": "2013-10-27",
      "year": 2140,
    },
    "2140-8-main-24": Object {
      "day": 24,
      "hasLeapDay": false,
      "isLeapDay": false,
      "isPreviousSkipped": false,
      "month": Object {
        "hasLeapMonth": true,
        "isLeapMonth": false,
        "month": 8,
      },
      "skippedDay": false,
      "westernDate": "2013-10-28",
      "year": 2140,
    },
    "2140-8-main-25": Object {
      "day": 25,
      "hasLeapDay": false,
      "isLeapDay": false,
      "isPreviousSkipped": false,
      "month": Object {
        "hasLeapMonth": true,
        "isLeapMonth": false,
        "month": 8,
      },
      "skippedDay": false,
      "westernDate": "2013-10-29",
      "year": 2140,
    },
    "2140-8-main-26": Object {
      "day": 26,
      "hasLeapDay": false,
      "isLeapDay": false,
      "isPreviousSkipped": false,
      "month": Object {
        "hasLeapMonth": true,
        "isLeapMonth": false,
        "month": 8,
      },
      "skippedDay": false,
      "westernDate": "2013-10-30",
      "year": 2140,
    },
    "2140-8-main-27": Object {
      "day": 27,
      "hasLeapDay": false,
      "isLeapDay": false,
      "isPreviousSkipped": false,
      "month": Object {
        "hasLeapMonth": true,
        "isLeapMonth": false,
        "month": 8,
      },
      "skippedDay": false,
      "westernDate": "2013-10-31",
      "year": 2140,
    },
    "2140-8-main-28": Object {
      "day": 28,
      "hasLeapDay": false,
      "isLeapDay": false,
      "isPreviousSkipped": false,
      "month": Object {
        "hasLeapMonth": true,
        "isLeapMonth": false,
        "month": 8,
      },
      "skippedDay": false,
      "westernDate": "2013-11-01",
      "year": 2140,
    },
    "2140-8-main-29": Object {
      "day": 29,
      "hasLeapDay": false,
      "isLeapDay": false,
      "isPreviousSkipped": false,
      "month": Object {
        "hasLeapMonth": true,
        "isLeapMonth": false,
        "month": 8,
      },
      "skippedDay": false,
      "westernDate": "2013-11-02",
      "year": 2140,
    },
    "2140-8-main-3": Object {
      "day": 3,
      "hasLeapDay": false,
      "isLeapDay": false,
      "isPreviousSkipped": false,
      "month": Object {
        "hasLeapMonth": true,
        "isLeapMonth": false,
        "month": 8,
      },
      "skippedDay": false,
      "westernDate": "2013-10-07",
      "year": 2140,
    },
    "2140-8-main-30": Object {
      "day": 30,
      "hasLeapDay": false,
      "isLeapDay": false,
      "isPreviousSkipped": false,
      "month": Object {
        "hasLeapMonth": true,
        "isLeapMonth": false,
        "month": 8,
      },
      "skippedDay": false,
      "westernDate": "2013-11-03",
      "year": 2140,
    },
    "2140-8-main-4": Object {
      "day": 4,
      "hasLeapDay": false,
      "isLeapDay": false,
      "isPreviousSkipped": false,
      "month": Object {
        "hasLeapMonth": true,
        "isLeapMonth": false,
        "month": 8,
      },
      "skippedDay": false,
      "westernDate": "2013-10-08",
      "year": 2140,
    },
    "2140-8-main-5": Object {
      "day": 5,
      "hasLeapDay": false,
      "isLeapDay": false,
      "isPreviousSkipped": false,
      "month": Object {
        "hasLeapMonth": true,
        "isLeapMonth": false,
        "month": 8,
      },
      "skippedDay": false,
      "westernDate": "2013-10-09",
      "year": 2140,
    },
    "2140-8-main-6": Object {
      "day": 6,
      "hasLeapDay": false,
      "isLeapDay": false,
      "isPreviousSkipped": false,
      "month": Object {
        "hasLeapMonth": true,
        "isLeapMonth": false,
        "month": 8,
      },
      "skippedDay": false,
      "westernDate": "2013-10-10",
      "year": 2140,
    },
    "2140-8-main-7": Object {
      "day": 7,
      "hasLeapDay": false,
      "isLeapDay": false,
      "isPreviousSkipped": false,
      "month": Object {
        "hasLeapMonth": true,
        "isLeapMonth": false,
        "month": 8,
      },
      "skippedDay": false,
      "westernDate": "2013-10-11",
      "year": 2140,
    },
    "2140-8-main-8": Object {
      "day": 8,
      "hasLeapDay": false,
      "isLeapDay": false,
      "isPreviousSkipped": false,
      "month": Object {
        "hasLeapMonth": true,
        "isLeapMonth": false,
        "month": 8,
      },
      "skippedDay": false,
      "westernDate": "2013-10-12",
      "year": 2140,
    },
    "2140-8-main-9": Object {
      "day": 9,
      "hasLeapDay": false,
      "isLeapDay": false,
      "isPreviousSkipped": false,
      "month": Object {
        "hasLeapMonth": true,
        "isLeapMonth": false,
        "month": 8,
      },
      "skippedDay": false,
      "westernDate": "2013-10-13",
      "year": 2140,
    },
  },
  "endDate": "2013-11-03",
  "hasLeapMonth": true,
  "isLeapMonth": false,
  "month": 8,
  "startDate": "2013-10-05",
  "westernIndex": Object {
    "2013-10-05": "2140-8-main-1",
    "2013-10-06": "2140-8-main-2",
    "2013-10-07": "2140-8-main-3",
    "2013-10-08": "2140-8-main-4",
    "2013-10-09": "2140-8-main-5",
    "2013-10-10": "2140-8-main-6",
    "2013-10-11": "2140-8-main-7",
    "2013-10-12": "2140-8-main-8",
    "2013-10-13": "2140-8-main-9",
    "2013-10-14": "2140-8-main-10",
    "2013-10-15": "2140-8-main-11",
    "2013-10-16": "2140-8-main-13",
    "2013-10-17": "2140-8-main-14",
    "2013-10-18": "2140-8-main-15",
    "2013-10-19": "2140-8-main-16",
    "2013-10-20": "2140-8-main-17",
    "2013-10-21": "2140-8-main-18",
    "2013-10-22": "2140-8-main-19",
    "2013-10-23": "2140-8-main-20-main",
    "2013-10-24": "2140-8-main-20-leap",
    "2013-10-25": "2140-8-main-21",
    "2013-10-26": "2140-8-main-22",
    "2013-10-27": "2140-8-main-23",
    "2013-10-28": "2140-8-main-24",
    "2013-10-29": "2140-8-main-25",
    "2013-10-30": "2140-8-main-26",
    "2013-10-31": "2140-8-main-27",
    "2013-11-01": "2140-8-main-28",
    "2013-11-02": "2140-8-main-29",
    "2013-11-03": "2140-8-main-30",
  },
  "year": 2140,
}
`;

exports[`getCalendarForMonth() should return the correct month object for a simple month 1`] = `
Object {
  "days": Object {
    "2145-3-1": Object {
      "day": 1,
      "hasLeapDay": false,
      "isLeapDay": false,
      "isPreviousSkipped": false,
      "month": Object {
        "hasLeapMonth": false,
        "isLeapMonth": false,
        "month": 3,
      },
      "skippedDay": false,
      "westernDate": "2018-04-16",
      "year": 2145,
    },
    "2145-3-10": Object {
      "day": 10,
      "hasLeapDay": false,
      "isLeapDay": false,
      "isPreviousSkipped": false,
      "month": Object {
        "hasLeapMonth": false,
        "isLeapMonth": false,
        "month": 3,
      },
      "skippedDay": false,
      "westernDate": "2018-04-25",
      "year": 2145,
    },
    "2145-3-11": Object {
      "day": 11,
      "hasLeapDay": false,
      "isLeapDay": false,
      "isPreviousSkipped": false,
      "month": Object {
        "hasLeapMonth": false,
        "isLeapMonth": false,
        "month": 3,
      },
      "skippedDay": false,
      "westernDate": "2018-04-26",
      "year": 2145,
    },
    "2145-3-12": Object {
      "day": 12,
      "hasLeapDay": false,
      "isLeapDay": false,
      "isPreviousSkipped": false,
      "month": Object {
        "hasLeapMonth": false,
        "isLeapMonth": false,
        "month": 3,
      },
      "skippedDay": false,
      "westernDate": "2018-04-27",
      "year": 2145,
    },
    "2145-3-13": Object {
      "day": 13,
      "hasLeapDay": false,
      "isLeapDay": false,
      "isPreviousSkipped": false,
      "month": Object {
        "hasLeapMonth": false,
        "isLeapMonth": false,
        "month": 3,
      },
      "skippedDay": true,
      "westernDate": "2018-04-27",
      "year": 2145,
    },
    "2145-3-14": Object {
      "day": 14,
      "hasLeapDay": false,
      "isLeapDay": false,
      "isPreviousSkipped": true,
      "month": Object {
        "hasLeapMonth": false,
        "isLeapMonth": false,
        "month": 3,
      },
      "skippedDay": false,
      "westernDate": "2018-04-28",
      "year": 2145,
    },
    "2145-3-15": Object {
      "day": 15,
      "hasLeapDay": false,
      "isLeapDay": false,
      "isPreviousSkipped": false,
      "month": Object {
        "hasLeapMonth": false,
        "isLeapMonth": false,
        "month": 3,
      },
      "skippedDay": false,
      "westernDate": "2018-04-29",
      "year": 2145,
    },
    "2145-3-16": Object {
      "day": 16,
      "hasLeapDay": false,
      "isLeapDay": false,
      "isPreviousSkipped": false,
      "month": Object {
        "hasLeapMonth": false,
        "isLeapMonth": false,
        "month": 3,
      },
      "skippedDay": false,
      "westernDate": "2018-04-30",
      "year": 2145,
    },
    "2145-3-17": Object {
      "day": 17,
      "hasLeapDay": false,
      "isLeapDay": false,
      "isPreviousSkipped": false,
      "month": Object {
        "hasLeapMonth": false,
        "isLeapMonth": false,
        "month": 3,
      },
      "skippedDay": false,
      "westernDate": "2018-05-01",
      "year": 2145,
    },
    "2145-3-18": Object {
      "doubled": true,
    },
    "2145-3-18-leap": Object {
      "day": 18,
      "hasLeapDay": true,
      "isLeapDay": false,
      "isPreviousSkipped": false,
      "month": Object {
        "hasLeapMonth": false,
        "isLeapMonth": false,
        "month": 3,
      },
      "skippedDay": false,
      "westernDate": "2018-05-03",
      "year": 2145,
    },
    "2145-3-18-main": Object {
      "day": 18,
      "hasLeapDay": true,
      "isLeapDay": true,
      "isPreviousSkipped": false,
      "month": Object {
        "hasLeapMonth": false,
        "isLeapMonth": false,
        "month": 3,
      },
      "skippedDay": false,
      "westernDate": "2018-05-02",
      "year": 2145,
    },
    "2145-3-19": Object {
      "day": 19,
      "hasLeapDay": false,
      "isLeapDay": false,
      "isPreviousSkipped": false,
      "month": Object {
        "hasLeapMonth": false,
        "isLeapMonth": false,
        "month": 3,
      },
      "skippedDay": false,
      "westernDate": "2018-05-04",
      "year": 2145,
    },
    "2145-3-2": Object {
      "day": 2,
      "hasLeapDay": false,
      "isLeapDay": false,
      "isPreviousSkipped": false,
      "month": Object {
        "hasLeapMonth": false,
        "isLeapMonth": false,
        "month": 3,
      },
      "skippedDay": false,
      "westernDate": "2018-04-17",
      "year": 2145,
    },
    "2145-3-20": Object {
      "day": 20,
      "hasLeapDay": false,
      "isLeapDay": false,
      "isPreviousSkipped": false,
      "month": Object {
        "hasLeapMonth": false,
        "isLeapMonth": false,
        "month": 3,
      },
      "skippedDay": false,
      "westernDate": "2018-05-05",
      "year": 2145,
    },
    "2145-3-21": Object {
      "day": 21,
      "hasLeapDay": false,
      "isLeapDay": false,
      "isPreviousSkipped": false,
      "month": Object {
        "hasLeapMonth": false,
        "isLeapMonth": false,
        "month": 3,
      },
      "skippedDay": false,
      "westernDate": "2018-05-06",
      "year": 2145,
    },
    "2145-3-22": Object {
      "day": 22,
      "hasLeapDay": false,
      "isLeapDay": false,
      "isPreviousSkipped": false,
      "month": Object {
        "hasLeapMonth": false,
        "isLeapMonth": false,
        "month": 3,
      },
      "skippedDay": false,
      "westernDate": "2018-05-07",
      "year": 2145,
    },
    "2145-3-23": Object {
      "day": 23,
      "hasLeapDay": false,
      "isLeapDay": false,
      "isPreviousSkipped": false,
      "month": Object {
        "hasLeapMonth": false,
        "isLeapMonth": false,
        "month": 3,
      },
      "skippedDay": false,
      "westernDate": "2018-05-08",
      "year": 2145,
    },
    "2145-3-24": Object {
      "day": 24,
      "hasLeapDay": false,
      "isLeapDay": false,
      "isPreviousSkipped": false,
      "month": Object {
        "hasLeapMonth": false,
        "isLeapMonth": false,
        "month": 3,
      },
      "skippedDay": false,
      "westernDate": "2018-05-09",
      "year": 2145,
    },
    "2145-3-25": Object {
      "day": 25,
      "hasLeapDay": false,
      "isLeapDay": false,
      "isPreviousSkipped": false,
      "month": Object {
        "hasLeapMonth": false,
        "isLeapMonth": false,
        "month": 3,
      },
      "skippedDay": false,
      "westernDate": "2018-05-10",
      "year": 2145,
    },
    "2145-3-26": Object {
      "day": 26,
      "hasLeapDay": false,
      "isLeapDay": false,
      "isPreviousSkipped": false,
      "month": Object {
        "hasLeapMonth": false,
        "isLeapMonth": false,
        "month": 3,
      },
      "skippedDay": false,
      "westernDate": "2018-05-11",
      "year": 2145,
    },
    "2145-3-27": Object {
      "day": 27,
      "hasLeapDay": false,
      "isLeapDay": false,
      "isPreviousSkipped": false,
      "month": Object {
        "hasLeapMonth": false,
        "isLeapMonth": false,
        "month": 3,
      },
      "skippedDay": false,
      "westernDate": "2018-05-12",
      "year": 2145,
    },
    "2145-3-28": Object {
      "day": 28,
      "hasLeapDay": false,
      "isLeapDay": false,
      "isPreviousSkipped": false,
      "month": Object {
        "hasLeapMonth": false,
        "isLeapMonth": false,
        "month": 3,
      },
      "skippedDay": false,
      "westernDate": "2018-05-13",
      "year": 2145,
    },
    "2145-3-29": Object {
      "day": 29,
      "hasLeapDay": false,
      "isLeapDay": false,
      "isPreviousSkipped": false,
      "month": Object {
        "hasLeapMonth": false,
        "isLeapMonth": false,
        "month": 3,
      },
      "skippedDay": false,
      "westernDate": "2018-05-14",
      "year": 2145,
    },
    "2145-3-3": Object {
      "day": 3,
      "hasLeapDay": false,
      "isLeapDay": false,
      "isPreviousSkipped": false,
      "month": Object {
        "hasLeapMonth": false,
        "isLeapMonth": false,
        "month": 3,
      },
      "skippedDay": false,
      "westernDate": "2018-04-18",
      "year": 2145,
    },
    "2145-3-30": Object {
      "day": 30,
      "hasLeapDay": false,
      "isLeapDay": false,
      "isPreviousSkipped": false,
      "month": Object {
        "hasLeapMonth": false,
        "isLeapMonth": false,
        "month": 3,
      },
      "skippedDay": false,
      "westernDate": "2018-05-15",
      "year": 2145,
    },
    "2145-3-4": Object {
      "day": 4,
      "hasLeapDay": false,
      "isLeapDay": false,
      "isPreviousSkipped": false,
      "month": Object {
        "hasLeapMonth": false,
        "isLeapMonth": false,
        "month": 3,
      },
      "skippedDay": false,
      "westernDate": "2018-04-19",
      "year": 2145,
    },
    "2145-3-5": Object {
      "day": 5,
      "hasLeapDay": false,
      "isLeapDay": false,
      "isPreviousSkipped": false,
      "month": Object {
        "hasLeapMonth": false,
        "isLeapMonth": false,
        "month": 3,
      },
      "skippedDay": false,
      "westernDate": "2018-04-20",
      "year": 2145,
    },
    "2145-3-6": Object {
      "day": 6,
      "hasLeapDay": false,
      "isLeapDay": false,
      "isPreviousSkipped": false,
      "month": Object {
        "hasLeapMonth": false,
        "isLeapMonth": false,
        "month": 3,
      },
      "skippedDay": false,
      "westernDate": "2018-04-21",
      "year": 2145,
    },
    "2145-3-7": Object {
      "day": 7,
      "hasLeapDay": false,
      "isLeapDay": false,
      "isPreviousSkipped": false,
      "month": Object {
        "hasLeapMonth": false,
        "isLeapMonth": false,
        "month": 3,
      },
      "skippedDay": false,
      "westernDate": "2018-04-22",
      "year": 2145,
    },
    "2145-3-8": Object {
      "day": 8,
      "hasLeapDay": false,
      "isLeapDay": false,
      "isPreviousSkipped": false,
      "month": Object {
        "hasLeapMonth": false,
        "isLeapMonth": false,
        "month": 3,
      },
      "skippedDay": false,
      "westernDate": "2018-04-23",
      "year": 2145,
    },
    "2145-3-9": Object {
      "day": 9,
      "hasLeapDay": false,
      "isLeapDay": false,
      "isPreviousSkipped": false,
      "month": Object {
        "hasLeapMonth": false,
        "isLeapMonth": false,
        "month": 3,
      },
      "skippedDay": false,
      "westernDate": "2018-04-24",
      "year": 2145,
    },
  },
  "endDate": "2018-05-15",
  "hasLeapMonth": false,
  "isLeapMonth": false,
  "month": 3,
  "startDate": "2018-04-16",
  "westernIndex": Object {
    "2018-04-16": "2145-3-1",
    "2018-04-17": "2145-3-2",
    "2018-04-18": "2145-3-3",
    "2018-04-19": "2145-3-4",
    "2018-04-20": "2145-3-5",
    "2018-04-21": "2145-3-6",
    "2018-04-22": "2145-3-7",
    "2018-04-23": "2145-3-8",
    "2018-04-24": "2145-3-9",
    "2018-04-25": "2145-3-10",
    "2018-04-26": "2145-3-11",
    "2018-04-27": "2145-3-12",
    "2018-04-28": "2145-3-14",
    "2018-04-29": "2145-3-15",
    "2018-04-30": "2145-3-16",
    "2018-05-01": "2145-3-17",
    "2018-05-02": "2145-3-18-main",
    "2018-05-03": "2145-3-18-leap",
    "2018-05-04": "2145-3-19",
    "2018-05-05": "2145-3-20",
    "2018-05-06": "2145-3-21",
    "2018-05-07": "2145-3-22",
    "2018-05-08": "2145-3-23",
    "2018-05-09": "2145-3-24",
    "2018-05-10": "2145-3-25",
    "2018-05-11": "2145-3-26",
    "2018-05-12": "2145-3-27",
    "2018-05-13": "2145-3-28",
    "2018-05-14": "2145-3-29",
    "2018-05-15": "2145-3-30",
  },
  "year": 2145,
}
`;
